Analysis & Elaboration report for ProcesadorVectorial
Wed Oct 26 00:39:04 2022
Quartus Prime Version 20.1.0 Build 711 06/05/2020 SJ Lite Edition


---------------------
; Table of Contents ;
---------------------
  1. Legal Notice
  2. Analysis & Elaboration Summary
  3. Parallel Compilation
  4. Parameter Settings for User Entity Instance: alu_6lanes:alu_TB
  5. Analysis & Elaboration Settings
  6. Port Connectivity Checks: "alu_6lanes:alu_TB"
  7. Analysis & Elaboration Messages
  8. Analysis & Elaboration Suppressed Messages



----------------
; Legal Notice ;
----------------
Copyright (C) 2020  Intel Corporation. All rights reserved.
Your use of Intel Corporation's design tools, logic functions 
and other software and tools, and any partner logic 
functions, and any output files from any of the foregoing 
(including device programming or simulation files), and any 
associated documentation or information are expressly subject 
to the terms and conditions of the Intel Program License 
Subscription Agreement, the Intel Quartus Prime License Agreement,
the Intel FPGA IP License Agreement, or other applicable license
agreement, including, without limitation, that your use is for
the sole purpose of programming logic devices manufactured by
Intel and sold by Intel or its authorized distributors.  Please
refer to the applicable agreement for further details, at
https://fpgasoftware.intel.com/eula.



+----------------------------------------------------------------------------------+
; Analysis & Elaboration Summary                                                   ;
+------------------------------------+---------------------------------------------+
; Analysis & Elaboration Status      ; Successful - Wed Oct 26 00:39:04 2022       ;
; Quartus Prime Version              ; 20.1.0 Build 711 06/05/2020 SJ Lite Edition ;
; Revision Name                      ; ProcesadorVectorial                         ;
; Top-level Entity Name              ; alu_tb                                      ;
; Family                             ; Cyclone IV GX                               ;
; Total logic elements               ; N/A until Partition Merge                   ;
;     Total combinational functions  ; N/A until Partition Merge                   ;
;     Dedicated logic registers      ; N/A until Partition Merge                   ;
; Total registers                    ; N/A until Partition Merge                   ;
; Total pins                         ; N/A until Partition Merge                   ;
; Total virtual pins                 ; N/A until Partition Merge                   ;
; Total memory bits                  ; N/A until Partition Merge                   ;
; Embedded Multiplier 9-bit elements ; N/A until Partition Merge                   ;
; Total GXB Receiver Channel PCS     ; N/A until Partition Merge                   ;
; Total GXB Receiver Channel PMA     ; N/A until Partition Merge                   ;
; Total GXB Transmitter Channel PCS  ; N/A until Partition Merge                   ;
; Total GXB Transmitter Channel PMA  ; N/A until Partition Merge                   ;
; Total PLLs                         ; N/A until Partition Merge                   ;
+------------------------------------+---------------------------------------------+


+------------------------------------------+
; Parallel Compilation                     ;
+----------------------------+-------------+
; Processors                 ; Number      ;
+----------------------------+-------------+
; Number detected on machine ; 12          ;
; Maximum allowed            ; 6           ;
;                            ;             ;
; Average used               ; 1.00        ;
; Maximum used               ; 1           ;
;                            ;             ;
; Usage by Processor         ; % Time Used ;
;     Processor 1            ; 100.0%      ;
+----------------------------+-------------+


+----------------------------------------------------------------+
; Parameter Settings for User Entity Instance: alu_6lanes:alu_TB ;
+----------------+-------+---------------------------------------+
; Parameter Name ; Value ; Type                                  ;
+----------------+-------+---------------------------------------+
; V              ; 192   ; Signed Integer                        ;
; S              ; 32    ; Signed Integer                        ;
+----------------+-------+---------------------------------------+
Note: In order to hide this table in the UI and the text report file, please set the "Show Parameter Settings in Synthesis Report" option in "Analysis and Synthesis Settings -> More Settings" to "Off".


+-------------------------------------------------------------------------------------------------------------+
; Analysis & Elaboration Settings                                                                             ;
+------------------------------------------------------------------+--------------------+---------------------+
; Option                                                           ; Setting            ; Default Value       ;
+------------------------------------------------------------------+--------------------+---------------------+
; Device                                                           ; EP4CGX150DF31C7    ;                     ;
; Top-level entity name                                            ; alu_tb             ; ProcesadorVectorial ;
; Family name                                                      ; Cyclone IV GX      ; Cyclone V           ;
; Use smart compilation                                            ; Off                ; Off                 ;
; Enable parallel Assembler and Timing Analyzer during compilation ; On                 ; On                  ;
; Enable compact report table                                      ; Off                ; Off                 ;
; Restructure Multiplexers                                         ; Auto               ; Auto                ;
; Create Debugging Nodes for IP Cores                              ; Off                ; Off                 ;
; Preserve fewer node names                                        ; On                 ; On                  ;
; Intel FPGA IP Evaluation Mode                                    ; Enable             ; Enable              ;
; Verilog Version                                                  ; Verilog_2001       ; Verilog_2001        ;
; VHDL Version                                                     ; VHDL_1993          ; VHDL_1993           ;
; State Machine Processing                                         ; Auto               ; Auto                ;
; Safe State Machine                                               ; Off                ; Off                 ;
; Extract Verilog State Machines                                   ; On                 ; On                  ;
; Extract VHDL State Machines                                      ; On                 ; On                  ;
; Ignore Verilog initial constructs                                ; Off                ; Off                 ;
; Iteration limit for constant Verilog loops                       ; 5000               ; 5000                ;
; Iteration limit for non-constant Verilog loops                   ; 250                ; 250                 ;
; Add Pass-Through Logic to Inferred RAMs                          ; On                 ; On                  ;
; Infer RAMs from Raw Logic                                        ; On                 ; On                  ;
; Parallel Synthesis                                               ; On                 ; On                  ;
; DSP Block Balancing                                              ; Auto               ; Auto                ;
; NOT Gate Push-Back                                               ; On                 ; On                  ;
; Power-Up Don't Care                                              ; On                 ; On                  ;
; Remove Redundant Logic Cells                                     ; Off                ; Off                 ;
; Remove Duplicate Registers                                       ; On                 ; On                  ;
; Ignore CARRY Buffers                                             ; Off                ; Off                 ;
; Ignore CASCADE Buffers                                           ; Off                ; Off                 ;
; Ignore GLOBAL Buffers                                            ; Off                ; Off                 ;
; Ignore ROW GLOBAL Buffers                                        ; Off                ; Off                 ;
; Ignore LCELL Buffers                                             ; Off                ; Off                 ;
; Ignore SOFT Buffers                                              ; On                 ; On                  ;
; Limit AHDL Integers to 32 Bits                                   ; Off                ; Off                 ;
; Optimization Technique                                           ; Balanced           ; Balanced            ;
; Carry Chain Length                                               ; 70                 ; 70                  ;
; Auto Carry Chains                                                ; On                 ; On                  ;
; Auto Open-Drain Pins                                             ; On                 ; On                  ;
; Perform WYSIWYG Primitive Resynthesis                            ; Off                ; Off                 ;
; Auto ROM Replacement                                             ; On                 ; On                  ;
; Auto RAM Replacement                                             ; On                 ; On                  ;
; Auto DSP Block Replacement                                       ; On                 ; On                  ;
; Auto Shift Register Replacement                                  ; Auto               ; Auto                ;
; Allow Shift Register Merging across Hierarchies                  ; Auto               ; Auto                ;
; Auto Clock Enable Replacement                                    ; On                 ; On                  ;
; Strict RAM Replacement                                           ; Off                ; Off                 ;
; Allow Synchronous Control Signals                                ; On                 ; On                  ;
; Force Use of Synchronous Clear Signals                           ; Off                ; Off                 ;
; Auto RAM Block Balancing                                         ; On                 ; On                  ;
; Auto RAM to Logic Cell Conversion                                ; Off                ; Off                 ;
; Auto Resource Sharing                                            ; Off                ; Off                 ;
; Allow Any RAM Size For Recognition                               ; Off                ; Off                 ;
; Allow Any ROM Size For Recognition                               ; Off                ; Off                 ;
; Allow Any Shift Register Size For Recognition                    ; Off                ; Off                 ;
; Use LogicLock Constraints during Resource Balancing              ; On                 ; On                  ;
; Ignore translate_off and synthesis_off directives                ; Off                ; Off                 ;
; Timing-Driven Synthesis                                          ; On                 ; On                  ;
; Report Parameter Settings                                        ; On                 ; On                  ;
; Report Source Assignments                                        ; On                 ; On                  ;
; Report Connectivity Checks                                       ; On                 ; On                  ;
; Ignore Maximum Fan-Out Assignments                               ; Off                ; Off                 ;
; Synchronization Register Chain Length                            ; 2                  ; 2                   ;
; Power Optimization During Synthesis                              ; Normal compilation ; Normal compilation  ;
; HDL message level                                                ; Level2             ; Level2              ;
; Suppress Register Optimization Related Messages                  ; Off                ; Off                 ;
; Number of Removed Registers Reported in Synthesis Report         ; 5000               ; 5000                ;
; Number of Swept Nodes Reported in Synthesis Report               ; 5000               ; 5000                ;
; Number of Inverted Registers Reported in Synthesis Report        ; 100                ; 100                 ;
; Clock MUX Protection                                             ; On                 ; On                  ;
; Auto Gated Clock Conversion                                      ; Off                ; Off                 ;
; Block Design Naming                                              ; Auto               ; Auto                ;
; SDC constraint protection                                        ; Off                ; Off                 ;
; Synthesis Effort                                                 ; Auto               ; Auto                ;
; Shift Register Replacement - Allow Asynchronous Clear Signal     ; On                 ; On                  ;
; Pre-Mapping Resynthesis Optimization                             ; Off                ; Off                 ;
; Analysis & Synthesis Message Level                               ; Medium             ; Medium              ;
; Disable Register Merging Across Hierarchies                      ; Auto               ; Auto                ;
; Resource Aware Inference For Block RAM                           ; On                 ; On                  ;
+------------------------------------------------------------------+--------------------+---------------------+


+-----------------------------------------------------------------------------------------------------------------+
; Port Connectivity Checks: "alu_6lanes:alu_TB"                                                                   ;
+-------+--------+----------+-------------------------------------------------------------------------------------+
; Port  ; Type   ; Severity ; Details                                                                             ;
+-------+--------+----------+-------------------------------------------------------------------------------------+
; C     ; Output ; Info     ; Connected to dangling logic. Logic that only feeds a dangling port will be removed. ;
; flagZ ; Output ; Info     ; Connected to dangling logic. Logic that only feeds a dangling port will be removed. ;
+-------+--------+----------+-------------------------------------------------------------------------------------+


+---------------------------------+
; Analysis & Elaboration Messages ;
+---------------------------------+
Info: *******************************************************************
Info: Running Quartus Prime Analysis & Elaboration
    Info: Version 20.1.0 Build 711 06/05/2020 SJ Lite Edition
    Info: Processing started: Wed Oct 26 00:38:58 2022
Info: Command: quartus_map --read_settings_files=on --write_settings_files=off ProcesadorVectorial -c ProcesadorVectorial --analysis_and_elaboration
Warning (18236): Number of processors has not been specified which may cause overloading on shared machines.  Set the global assignment NUM_PARALLEL_PROCESSORS in your QSF to an appropriate value for best performance.
Info (20030): Parallel compilation is enabled and will use 6 of the 6 processors detected
Info (12021): Found 1 design units, including 1 entities, in source file mux_2to1.sv
    Info (12023): Found entity 1: mux_2to1 File: C:/Users/ExtremeTech/Documents/GitHub/ComputerArchitecture2.Project2/mux_2to1.sv Line: 1
Info (12021): Found 1 design units, including 1 entities, in source file mux_2to1_tb.sv
    Info (12023): Found entity 1: mux_2to1_tb File: C:/Users/ExtremeTech/Documents/GitHub/ComputerArchitecture2.Project2/mux_2to1_tb.sv Line: 1
Info (12021): Found 1 design units, including 1 entities, in source file mux_4to1.sv
    Info (12023): Found entity 1: mux_4to1 File: C:/Users/ExtremeTech/Documents/GitHub/ComputerArchitecture2.Project2/mux_4to1.sv Line: 1
Info (12021): Found 1 design units, including 1 entities, in source file mux_4to1_tb.sv
    Info (12023): Found entity 1: mux_4to1_tb File: C:/Users/ExtremeTech/Documents/GitHub/ComputerArchitecture2.Project2/mux_4to1_tb.sv Line: 1
Info (12021): Found 1 design units, including 1 entities, in source file register_scalar.sv
    Info (12023): Found entity 1: register_scalar File: C:/Users/ExtremeTech/Documents/GitHub/ComputerArchitecture2.Project2/register_scalar.sv Line: 1
Info (12021): Found 1 design units, including 1 entities, in source file register_scalar_tb.sv
    Info (12023): Found entity 1: register_scalar_tb File: C:/Users/ExtremeTech/Documents/GitHub/ComputerArchitecture2.Project2/register_scalar_tb.sv Line: 1
Info (12021): Found 1 design units, including 1 entities, in source file register_vectorial.sv
    Info (12023): Found entity 1: register_vectorial File: C:/Users/ExtremeTech/Documents/GitHub/ComputerArchitecture2.Project2/register_vectorial.sv Line: 1
Info (12021): Found 1 design units, including 1 entities, in source file register_vectorial_tb.sv
    Info (12023): Found entity 1: register_vectorial_tb File: C:/Users/ExtremeTech/Documents/GitHub/ComputerArchitecture2.Project2/register_vectorial_tb.sv Line: 1
Info (12021): Found 1 design units, including 1 entities, in source file adder.sv
    Info (12023): Found entity 1: adder File: C:/Users/ExtremeTech/Documents/GitHub/ComputerArchitecture2.Project2/adder.sv Line: 1
Info (12021): Found 1 design units, including 1 entities, in source file adder_tb.sv
    Info (12023): Found entity 1: adder_tb File: C:/Users/ExtremeTech/Documents/GitHub/ComputerArchitecture2.Project2/adder_tb.sv Line: 1
Info (12021): Found 1 design units, including 1 entities, in source file jump_unit.sv
    Info (12023): Found entity 1: jump_unit File: C:/Users/ExtremeTech/Documents/GitHub/ComputerArchitecture2.Project2/jump_unit.sv Line: 1
Info (12021): Found 1 design units, including 1 entities, in source file jump_unit_tb.sv
    Info (12023): Found entity 1: jump_unit_tb File: C:/Users/ExtremeTech/Documents/GitHub/ComputerArchitecture2.Project2/jump_unit_tb.sv Line: 1
Info (12021): Found 1 design units, including 1 entities, in source file pc_register.sv
    Info (12023): Found entity 1: pc_register File: C:/Users/ExtremeTech/Documents/GitHub/ComputerArchitecture2.Project2/pc_register.sv Line: 1
Info (12021): Found 1 design units, including 1 entities, in source file pc_register_tb.sv
    Info (12023): Found entity 1: pc_register_tb File: C:/Users/ExtremeTech/Documents/GitHub/ComputerArchitecture2.Project2/pc_register_tb.sv Line: 1
Info (12021): Found 1 design units, including 1 entities, in source file mux_2to1_32b.sv
    Info (12023): Found entity 1: mux_2to1_32b File: C:/Users/ExtremeTech/Documents/GitHub/ComputerArchitecture2.Project2/mux_2to1_32b.sv Line: 1
Info (12021): Found 1 design units, including 1 entities, in source file mux_2to1_192b.sv
    Info (12023): Found entity 1: mux_2to1_192b File: C:/Users/ExtremeTech/Documents/GitHub/ComputerArchitecture2.Project2/mux_2to1_192b.sv Line: 1
Info (12021): Found 1 design units, including 1 entities, in source file sign_extend.sv
    Info (12023): Found entity 1: sign_extend File: C:/Users/ExtremeTech/Documents/GitHub/ComputerArchitecture2.Project2/sign_extend.sv Line: 1
Info (12021): Found 1 design units, including 1 entities, in source file sign_extend_tb.sv
    Info (12023): Found entity 1: sign_extend_tb File: C:/Users/ExtremeTech/Documents/GitHub/ComputerArchitecture2.Project2/sign_extend_tb.sv Line: 1
Info (12021): Found 1 design units, including 1 entities, in source file alu_6lanes.sv
    Info (12023): Found entity 1: alu_6lanes File: C:/Users/ExtremeTech/Documents/GitHub/ComputerArchitecture2.Project2/alu_6lanes.sv Line: 1
Info (12021): Found 1 design units, including 1 entities, in source file alu_tb.sv
    Info (12023): Found entity 1: alu_tb File: C:/Users/ExtremeTech/Documents/GitHub/ComputerArchitecture2.Project2/alu_tb.sv Line: 1
Info (12021): Found 1 design units, including 1 entities, in source file segment_if_id.sv
    Info (12023): Found entity 1: segment_if_id File: C:/Users/ExtremeTech/Documents/GitHub/ComputerArchitecture2.Project2/segment_if_id.sv Line: 1
Info (12021): Found 1 design units, including 1 entities, in source file segment_id_ex.sv
    Info (12023): Found entity 1: segment_id_ex File: C:/Users/ExtremeTech/Documents/GitHub/ComputerArchitecture2.Project2/segment_id_ex.sv Line: 1
Info (12021): Found 1 design units, including 1 entities, in source file segment_ex_mem.sv
    Info (12023): Found entity 1: segment_ex_mem File: C:/Users/ExtremeTech/Documents/GitHub/ComputerArchitecture2.Project2/segment_ex_mem.sv Line: 1
Info (12021): Found 1 design units, including 1 entities, in source file segment_mem_wb.sv
    Info (12023): Found entity 1: segment_mem_wb File: C:/Users/ExtremeTech/Documents/GitHub/ComputerArchitecture2.Project2/segment_mem_wb.sv Line: 1
Info (12127): Elaborating entity "alu_tb" for the top level hierarchy
Info (12128): Elaborating entity "alu_6lanes" for hierarchy "alu_6lanes:alu_TB" File: C:/Users/ExtremeTech/Documents/GitHub/ComputerArchitecture2.Project2/alu_tb.sv Line: 10
Warning (10240): Verilog HDL Always Construct warning at alu_6lanes.sv(21): inferring latch(es) for variable "C0", which holds its previous value in one or more paths through the always construct File: C:/Users/ExtremeTech/Documents/GitHub/ComputerArchitecture2.Project2/alu_6lanes.sv Line: 21
Warning (10240): Verilog HDL Always Construct warning at alu_6lanes.sv(21): inferring latch(es) for variable "C1", which holds its previous value in one or more paths through the always construct File: C:/Users/ExtremeTech/Documents/GitHub/ComputerArchitecture2.Project2/alu_6lanes.sv Line: 21
Warning (10240): Verilog HDL Always Construct warning at alu_6lanes.sv(21): inferring latch(es) for variable "C2", which holds its previous value in one or more paths through the always construct File: C:/Users/ExtremeTech/Documents/GitHub/ComputerArchitecture2.Project2/alu_6lanes.sv Line: 21
Warning (10240): Verilog HDL Always Construct warning at alu_6lanes.sv(21): inferring latch(es) for variable "C3", which holds its previous value in one or more paths through the always construct File: C:/Users/ExtremeTech/Documents/GitHub/ComputerArchitecture2.Project2/alu_6lanes.sv Line: 21
Warning (10240): Verilog HDL Always Construct warning at alu_6lanes.sv(21): inferring latch(es) for variable "C4", which holds its previous value in one or more paths through the always construct File: C:/Users/ExtremeTech/Documents/GitHub/ComputerArchitecture2.Project2/alu_6lanes.sv Line: 21
Warning (10240): Verilog HDL Always Construct warning at alu_6lanes.sv(21): inferring latch(es) for variable "C5", which holds its previous value in one or more paths through the always construct File: C:/Users/ExtremeTech/Documents/GitHub/ComputerArchitecture2.Project2/alu_6lanes.sv Line: 21
Warning (10240): Verilog HDL Always Construct warning at alu_6lanes.sv(21): inferring latch(es) for variable "alu_out_temp", which holds its previous value in one or more paths through the always construct File: C:/Users/ExtremeTech/Documents/GitHub/ComputerArchitecture2.Project2/alu_6lanes.sv Line: 21
Warning (10240): Verilog HDL Always Construct warning at alu_6lanes.sv(21): inferring latch(es) for variable "flagZ_aux", which holds its previous value in one or more paths through the always construct File: C:/Users/ExtremeTech/Documents/GitHub/ComputerArchitecture2.Project2/alu_6lanes.sv Line: 21
Info (10041): Inferred latch for "flagZ_aux" at alu_6lanes.sv(21) File: C:/Users/ExtremeTech/Documents/GitHub/ComputerArchitecture2.Project2/alu_6lanes.sv Line: 21
Info (10041): Inferred latch for "alu_out_temp[0]" at alu_6lanes.sv(21) File: C:/Users/ExtremeTech/Documents/GitHub/ComputerArchitecture2.Project2/alu_6lanes.sv Line: 21
Info (10041): Inferred latch for "alu_out_temp[1]" at alu_6lanes.sv(21) File: C:/Users/ExtremeTech/Documents/GitHub/ComputerArchitecture2.Project2/alu_6lanes.sv Line: 21
Info (10041): Inferred latch for "alu_out_temp[2]" at alu_6lanes.sv(21) File: C:/Users/ExtremeTech/Documents/GitHub/ComputerArchitecture2.Project2/alu_6lanes.sv Line: 21
Info (10041): Inferred latch for "alu_out_temp[3]" at alu_6lanes.sv(21) File: C:/Users/ExtremeTech/Documents/GitHub/ComputerArchitecture2.Project2/alu_6lanes.sv Line: 21
Info (10041): Inferred latch for "alu_out_temp[4]" at alu_6lanes.sv(21) File: C:/Users/ExtremeTech/Documents/GitHub/ComputerArchitecture2.Project2/alu_6lanes.sv Line: 21
Info (10041): Inferred latch for "alu_out_temp[5]" at alu_6lanes.sv(21) File: C:/Users/ExtremeTech/Documents/GitHub/ComputerArchitecture2.Project2/alu_6lanes.sv Line: 21
Info (10041): Inferred latch for "alu_out_temp[6]" at alu_6lanes.sv(21) File: C:/Users/ExtremeTech/Documents/GitHub/ComputerArchitecture2.Project2/alu_6lanes.sv Line: 21
Info (10041): Inferred latch for "alu_out_temp[7]" at alu_6lanes.sv(21) File: C:/Users/ExtremeTech/Documents/GitHub/ComputerArchitecture2.Project2/alu_6lanes.sv Line: 21
Info (10041): Inferred latch for "alu_out_temp[8]" at alu_6lanes.sv(21) File: C:/Users/ExtremeTech/Documents/GitHub/ComputerArchitecture2.Project2/alu_6lanes.sv Line: 21
Info (10041): Inferred latch for "alu_out_temp[9]" at alu_6lanes.sv(21) File: C:/Users/ExtremeTech/Documents/GitHub/ComputerArchitecture2.Project2/alu_6lanes.sv Line: 21
Info (10041): Inferred latch for "alu_out_temp[10]" at alu_6lanes.sv(21) File: C:/Users/ExtremeTech/Documents/GitHub/ComputerArchitecture2.Project2/alu_6lanes.sv Line: 21
Info (10041): Inferred latch for "alu_out_temp[11]" at alu_6lanes.sv(21) File: C:/Users/ExtremeTech/Documents/GitHub/ComputerArchitecture2.Project2/alu_6lanes.sv Line: 21
Info (10041): Inferred latch for "alu_out_temp[12]" at alu_6lanes.sv(21) File: C:/Users/ExtremeTech/Documents/GitHub/ComputerArchitecture2.Project2/alu_6lanes.sv Line: 21
Info (10041): Inferred latch for "alu_out_temp[13]" at alu_6lanes.sv(21) File: C:/Users/ExtremeTech/Documents/GitHub/ComputerArchitecture2.Project2/alu_6lanes.sv Line: 21
Info (10041): Inferred latch for "alu_out_temp[14]" at alu_6lanes.sv(21) File: C:/Users/ExtremeTech/Documents/GitHub/ComputerArchitecture2.Project2/alu_6lanes.sv Line: 21
Info (10041): Inferred latch for "alu_out_temp[15]" at alu_6lanes.sv(21) File: C:/Users/ExtremeTech/Documents/GitHub/ComputerArchitecture2.Project2/alu_6lanes.sv Line: 21
Info (10041): Inferred latch for "alu_out_temp[16]" at alu_6lanes.sv(21) File: C:/Users/ExtremeTech/Documents/GitHub/ComputerArchitecture2.Project2/alu_6lanes.sv Line: 21
Info (10041): Inferred latch for "alu_out_temp[17]" at alu_6lanes.sv(21) File: C:/Users/ExtremeTech/Documents/GitHub/ComputerArchitecture2.Project2/alu_6lanes.sv Line: 21
Info (10041): Inferred latch for "alu_out_temp[18]" at alu_6lanes.sv(21) File: C:/Users/ExtremeTech/Documents/GitHub/ComputerArchitecture2.Project2/alu_6lanes.sv Line: 21
Info (10041): Inferred latch for "alu_out_temp[19]" at alu_6lanes.sv(21) File: C:/Users/ExtremeTech/Documents/GitHub/ComputerArchitecture2.Project2/alu_6lanes.sv Line: 21
Info (10041): Inferred latch for "alu_out_temp[20]" at alu_6lanes.sv(21) File: C:/Users/ExtremeTech/Documents/GitHub/ComputerArchitecture2.Project2/alu_6lanes.sv Line: 21
Info (10041): Inferred latch for "alu_out_temp[21]" at alu_6lanes.sv(21) File: C:/Users/ExtremeTech/Documents/GitHub/ComputerArchitecture2.Project2/alu_6lanes.sv Line: 21
Info (10041): Inferred latch for "alu_out_temp[22]" at alu_6lanes.sv(21) File: C:/Users/ExtremeTech/Documents/GitHub/ComputerArchitecture2.Project2/alu_6lanes.sv Line: 21
Info (10041): Inferred latch for "alu_out_temp[23]" at alu_6lanes.sv(21) File: C:/Users/ExtremeTech/Documents/GitHub/ComputerArchitecture2.Project2/alu_6lanes.sv Line: 21
Info (10041): Inferred latch for "alu_out_temp[24]" at alu_6lanes.sv(21) File: C:/Users/ExtremeTech/Documents/GitHub/ComputerArchitecture2.Project2/alu_6lanes.sv Line: 21
Info (10041): Inferred latch for "alu_out_temp[25]" at alu_6lanes.sv(21) File: C:/Users/ExtremeTech/Documents/GitHub/ComputerArchitecture2.Project2/alu_6lanes.sv Line: 21
Info (10041): Inferred latch for "alu_out_temp[26]" at alu_6lanes.sv(21) File: C:/Users/ExtremeTech/Documents/GitHub/ComputerArchitecture2.Project2/alu_6lanes.sv Line: 21
Info (10041): Inferred latch for "alu_out_temp[27]" at alu_6lanes.sv(21) File: C:/Users/ExtremeTech/Documents/GitHub/ComputerArchitecture2.Project2/alu_6lanes.sv Line: 21
Info (10041): Inferred latch for "alu_out_temp[28]" at alu_6lanes.sv(21) File: C:/Users/ExtremeTech/Documents/GitHub/ComputerArchitecture2.Project2/alu_6lanes.sv Line: 21
Info (10041): Inferred latch for "alu_out_temp[29]" at alu_6lanes.sv(21) File: C:/Users/ExtremeTech/Documents/GitHub/ComputerArchitecture2.Project2/alu_6lanes.sv Line: 21
Info (10041): Inferred latch for "alu_out_temp[30]" at alu_6lanes.sv(21) File: C:/Users/ExtremeTech/Documents/GitHub/ComputerArchitecture2.Project2/alu_6lanes.sv Line: 21
Info (10041): Inferred latch for "alu_out_temp[31]" at alu_6lanes.sv(21) File: C:/Users/ExtremeTech/Documents/GitHub/ComputerArchitecture2.Project2/alu_6lanes.sv Line: 21
Info (10041): Inferred latch for "alu_out_temp[32]" at alu_6lanes.sv(21) File: C:/Users/ExtremeTech/Documents/GitHub/ComputerArchitecture2.Project2/alu_6lanes.sv Line: 21
Info (10041): Inferred latch for "alu_out_temp[33]" at alu_6lanes.sv(21) File: C:/Users/ExtremeTech/Documents/GitHub/ComputerArchitecture2.Project2/alu_6lanes.sv Line: 21
Info (10041): Inferred latch for "alu_out_temp[34]" at alu_6lanes.sv(21) File: C:/Users/ExtremeTech/Documents/GitHub/ComputerArchitecture2.Project2/alu_6lanes.sv Line: 21
Info (10041): Inferred latch for "alu_out_temp[35]" at alu_6lanes.sv(21) File: C:/Users/ExtremeTech/Documents/GitHub/ComputerArchitecture2.Project2/alu_6lanes.sv Line: 21
Info (10041): Inferred latch for "alu_out_temp[36]" at alu_6lanes.sv(21) File: C:/Users/ExtremeTech/Documents/GitHub/ComputerArchitecture2.Project2/alu_6lanes.sv Line: 21
Info (10041): Inferred latch for "alu_out_temp[37]" at alu_6lanes.sv(21) File: C:/Users/ExtremeTech/Documents/GitHub/ComputerArchitecture2.Project2/alu_6lanes.sv Line: 21
Info (10041): Inferred latch for "alu_out_temp[38]" at alu_6lanes.sv(21) File: C:/Users/ExtremeTech/Documents/GitHub/ComputerArchitecture2.Project2/alu_6lanes.sv Line: 21
Info (10041): Inferred latch for "alu_out_temp[39]" at alu_6lanes.sv(21) File: C:/Users/ExtremeTech/Documents/GitHub/ComputerArchitecture2.Project2/alu_6lanes.sv Line: 21
Info (10041): Inferred latch for "alu_out_temp[40]" at alu_6lanes.sv(21) File: C:/Users/ExtremeTech/Documents/GitHub/ComputerArchitecture2.Project2/alu_6lanes.sv Line: 21
Info (10041): Inferred latch for "alu_out_temp[41]" at alu_6lanes.sv(21) File: C:/Users/ExtremeTech/Documents/GitHub/ComputerArchitecture2.Project2/alu_6lanes.sv Line: 21
Info (10041): Inferred latch for "alu_out_temp[42]" at alu_6lanes.sv(21) File: C:/Users/ExtremeTech/Documents/GitHub/ComputerArchitecture2.Project2/alu_6lanes.sv Line: 21
Info (10041): Inferred latch for "alu_out_temp[43]" at alu_6lanes.sv(21) File: C:/Users/ExtremeTech/Documents/GitHub/ComputerArchitecture2.Project2/alu_6lanes.sv Line: 21
Info (10041): Inferred latch for "alu_out_temp[44]" at alu_6lanes.sv(21) File: C:/Users/ExtremeTech/Documents/GitHub/ComputerArchitecture2.Project2/alu_6lanes.sv Line: 21
Info (10041): Inferred latch for "alu_out_temp[45]" at alu_6lanes.sv(21) File: C:/Users/ExtremeTech/Documents/GitHub/ComputerArchitecture2.Project2/alu_6lanes.sv Line: 21
Info (10041): Inferred latch for "alu_out_temp[46]" at alu_6lanes.sv(21) File: C:/Users/ExtremeTech/Documents/GitHub/ComputerArchitecture2.Project2/alu_6lanes.sv Line: 21
Info (10041): Inferred latch for "alu_out_temp[47]" at alu_6lanes.sv(21) File: C:/Users/ExtremeTech/Documents/GitHub/ComputerArchitecture2.Project2/alu_6lanes.sv Line: 21
Info (10041): Inferred latch for "alu_out_temp[48]" at alu_6lanes.sv(21) File: C:/Users/ExtremeTech/Documents/GitHub/ComputerArchitecture2.Project2/alu_6lanes.sv Line: 21
Info (10041): Inferred latch for "alu_out_temp[49]" at alu_6lanes.sv(21) File: C:/Users/ExtremeTech/Documents/GitHub/ComputerArchitecture2.Project2/alu_6lanes.sv Line: 21
Info (10041): Inferred latch for "alu_out_temp[50]" at alu_6lanes.sv(21) File: C:/Users/ExtremeTech/Documents/GitHub/ComputerArchitecture2.Project2/alu_6lanes.sv Line: 21
Info (10041): Inferred latch for "alu_out_temp[51]" at alu_6lanes.sv(21) File: C:/Users/ExtremeTech/Documents/GitHub/ComputerArchitecture2.Project2/alu_6lanes.sv Line: 21
Info (10041): Inferred latch for "alu_out_temp[52]" at alu_6lanes.sv(21) File: C:/Users/ExtremeTech/Documents/GitHub/ComputerArchitecture2.Project2/alu_6lanes.sv Line: 21
Info (10041): Inferred latch for "alu_out_temp[53]" at alu_6lanes.sv(21) File: C:/Users/ExtremeTech/Documents/GitHub/ComputerArchitecture2.Project2/alu_6lanes.sv Line: 21
Info (10041): Inferred latch for "alu_out_temp[54]" at alu_6lanes.sv(21) File: C:/Users/ExtremeTech/Documents/GitHub/ComputerArchitecture2.Project2/alu_6lanes.sv Line: 21
Info (10041): Inferred latch for "alu_out_temp[55]" at alu_6lanes.sv(21) File: C:/Users/ExtremeTech/Documents/GitHub/ComputerArchitecture2.Project2/alu_6lanes.sv Line: 21
Info (10041): Inferred latch for "alu_out_temp[56]" at alu_6lanes.sv(21) File: C:/Users/ExtremeTech/Documents/GitHub/ComputerArchitecture2.Project2/alu_6lanes.sv Line: 21
Info (10041): Inferred latch for "alu_out_temp[57]" at alu_6lanes.sv(21) File: C:/Users/ExtremeTech/Documents/GitHub/ComputerArchitecture2.Project2/alu_6lanes.sv Line: 21
Info (10041): Inferred latch for "alu_out_temp[58]" at alu_6lanes.sv(21) File: C:/Users/ExtremeTech/Documents/GitHub/ComputerArchitecture2.Project2/alu_6lanes.sv Line: 21
Info (10041): Inferred latch for "alu_out_temp[59]" at alu_6lanes.sv(21) File: C:/Users/ExtremeTech/Documents/GitHub/ComputerArchitecture2.Project2/alu_6lanes.sv Line: 21
Info (10041): Inferred latch for "alu_out_temp[60]" at alu_6lanes.sv(21) File: C:/Users/ExtremeTech/Documents/GitHub/ComputerArchitecture2.Project2/alu_6lanes.sv Line: 21
Info (10041): Inferred latch for "alu_out_temp[61]" at alu_6lanes.sv(21) File: C:/Users/ExtremeTech/Documents/GitHub/ComputerArchitecture2.Project2/alu_6lanes.sv Line: 21
Info (10041): Inferred latch for "alu_out_temp[62]" at alu_6lanes.sv(21) File: C:/Users/ExtremeTech/Documents/GitHub/ComputerArchitecture2.Project2/alu_6lanes.sv Line: 21
Info (10041): Inferred latch for "alu_out_temp[63]" at alu_6lanes.sv(21) File: C:/Users/ExtremeTech/Documents/GitHub/ComputerArchitecture2.Project2/alu_6lanes.sv Line: 21
Info (10041): Inferred latch for "alu_out_temp[64]" at alu_6lanes.sv(21) File: C:/Users/ExtremeTech/Documents/GitHub/ComputerArchitecture2.Project2/alu_6lanes.sv Line: 21
Info (10041): Inferred latch for "alu_out_temp[65]" at alu_6lanes.sv(21) File: C:/Users/ExtremeTech/Documents/GitHub/ComputerArchitecture2.Project2/alu_6lanes.sv Line: 21
Info (10041): Inferred latch for "alu_out_temp[66]" at alu_6lanes.sv(21) File: C:/Users/ExtremeTech/Documents/GitHub/ComputerArchitecture2.Project2/alu_6lanes.sv Line: 21
Info (10041): Inferred latch for "alu_out_temp[67]" at alu_6lanes.sv(21) File: C:/Users/ExtremeTech/Documents/GitHub/ComputerArchitecture2.Project2/alu_6lanes.sv Line: 21
Info (10041): Inferred latch for "alu_out_temp[68]" at alu_6lanes.sv(21) File: C:/Users/ExtremeTech/Documents/GitHub/ComputerArchitecture2.Project2/alu_6lanes.sv Line: 21
Info (10041): Inferred latch for "alu_out_temp[69]" at alu_6lanes.sv(21) File: C:/Users/ExtremeTech/Documents/GitHub/ComputerArchitecture2.Project2/alu_6lanes.sv Line: 21
Info (10041): Inferred latch for "alu_out_temp[70]" at alu_6lanes.sv(21) File: C:/Users/ExtremeTech/Documents/GitHub/ComputerArchitecture2.Project2/alu_6lanes.sv Line: 21
Info (10041): Inferred latch for "alu_out_temp[71]" at alu_6lanes.sv(21) File: C:/Users/ExtremeTech/Documents/GitHub/ComputerArchitecture2.Project2/alu_6lanes.sv Line: 21
Info (10041): Inferred latch for "alu_out_temp[72]" at alu_6lanes.sv(21) File: C:/Users/ExtremeTech/Documents/GitHub/ComputerArchitecture2.Project2/alu_6lanes.sv Line: 21
Info (10041): Inferred latch for "alu_out_temp[73]" at alu_6lanes.sv(21) File: C:/Users/ExtremeTech/Documents/GitHub/ComputerArchitecture2.Project2/alu_6lanes.sv Line: 21
Info (10041): Inferred latch for "alu_out_temp[74]" at alu_6lanes.sv(21) File: C:/Users/ExtremeTech/Documents/GitHub/ComputerArchitecture2.Project2/alu_6lanes.sv Line: 21
Info (10041): Inferred latch for "alu_out_temp[75]" at alu_6lanes.sv(21) File: C:/Users/ExtremeTech/Documents/GitHub/ComputerArchitecture2.Project2/alu_6lanes.sv Line: 21
Info (10041): Inferred latch for "alu_out_temp[76]" at alu_6lanes.sv(21) File: C:/Users/ExtremeTech/Documents/GitHub/ComputerArchitecture2.Project2/alu_6lanes.sv Line: 21
Info (10041): Inferred latch for "alu_out_temp[77]" at alu_6lanes.sv(21) File: C:/Users/ExtremeTech/Documents/GitHub/ComputerArchitecture2.Project2/alu_6lanes.sv Line: 21
Info (10041): Inferred latch for "alu_out_temp[78]" at alu_6lanes.sv(21) File: C:/Users/ExtremeTech/Documents/GitHub/ComputerArchitecture2.Project2/alu_6lanes.sv Line: 21
Info (10041): Inferred latch for "alu_out_temp[79]" at alu_6lanes.sv(21) File: C:/Users/ExtremeTech/Documents/GitHub/ComputerArchitecture2.Project2/alu_6lanes.sv Line: 21
Info (10041): Inferred latch for "alu_out_temp[80]" at alu_6lanes.sv(21) File: C:/Users/ExtremeTech/Documents/GitHub/ComputerArchitecture2.Project2/alu_6lanes.sv Line: 21
Info (10041): Inferred latch for "alu_out_temp[81]" at alu_6lanes.sv(21) File: C:/Users/ExtremeTech/Documents/GitHub/ComputerArchitecture2.Project2/alu_6lanes.sv Line: 21
Info (10041): Inferred latch for "alu_out_temp[82]" at alu_6lanes.sv(21) File: C:/Users/ExtremeTech/Documents/GitHub/ComputerArchitecture2.Project2/alu_6lanes.sv Line: 21
Info (10041): Inferred latch for "alu_out_temp[83]" at alu_6lanes.sv(21) File: C:/Users/ExtremeTech/Documents/GitHub/ComputerArchitecture2.Project2/alu_6lanes.sv Line: 21
Info (10041): Inferred latch for "alu_out_temp[84]" at alu_6lanes.sv(21) File: C:/Users/ExtremeTech/Documents/GitHub/ComputerArchitecture2.Project2/alu_6lanes.sv Line: 21
Info (10041): Inferred latch for "alu_out_temp[85]" at alu_6lanes.sv(21) File: C:/Users/ExtremeTech/Documents/GitHub/ComputerArchitecture2.Project2/alu_6lanes.sv Line: 21
Info (10041): Inferred latch for "alu_out_temp[86]" at alu_6lanes.sv(21) File: C:/Users/ExtremeTech/Documents/GitHub/ComputerArchitecture2.Project2/alu_6lanes.sv Line: 21
Info (10041): Inferred latch for "alu_out_temp[87]" at alu_6lanes.sv(21) File: C:/Users/ExtremeTech/Documents/GitHub/ComputerArchitecture2.Project2/alu_6lanes.sv Line: 21
Info (10041): Inferred latch for "alu_out_temp[88]" at alu_6lanes.sv(21) File: C:/Users/ExtremeTech/Documents/GitHub/ComputerArchitecture2.Project2/alu_6lanes.sv Line: 21
Info (10041): Inferred latch for "alu_out_temp[89]" at alu_6lanes.sv(21) File: C:/Users/ExtremeTech/Documents/GitHub/ComputerArchitecture2.Project2/alu_6lanes.sv Line: 21
Info (10041): Inferred latch for "alu_out_temp[90]" at alu_6lanes.sv(21) File: C:/Users/ExtremeTech/Documents/GitHub/ComputerArchitecture2.Project2/alu_6lanes.sv Line: 21
Info (10041): Inferred latch for "alu_out_temp[91]" at alu_6lanes.sv(21) File: C:/Users/ExtremeTech/Documents/GitHub/ComputerArchitecture2.Project2/alu_6lanes.sv Line: 21
Info (10041): Inferred latch for "alu_out_temp[92]" at alu_6lanes.sv(21) File: C:/Users/ExtremeTech/Documents/GitHub/ComputerArchitecture2.Project2/alu_6lanes.sv Line: 21
Info (10041): Inferred latch for "alu_out_temp[93]" at alu_6lanes.sv(21) File: C:/Users/ExtremeTech/Documents/GitHub/ComputerArchitecture2.Project2/alu_6lanes.sv Line: 21
Info (10041): Inferred latch for "alu_out_temp[94]" at alu_6lanes.sv(21) File: C:/Users/ExtremeTech/Documents/GitHub/ComputerArchitecture2.Project2/alu_6lanes.sv Line: 21
Info (10041): Inferred latch for "alu_out_temp[95]" at alu_6lanes.sv(21) File: C:/Users/ExtremeTech/Documents/GitHub/ComputerArchitecture2.Project2/alu_6lanes.sv Line: 21
Info (10041): Inferred latch for "alu_out_temp[96]" at alu_6lanes.sv(21) File: C:/Users/ExtremeTech/Documents/GitHub/ComputerArchitecture2.Project2/alu_6lanes.sv Line: 21
Info (10041): Inferred latch for "alu_out_temp[97]" at alu_6lanes.sv(21) File: C:/Users/ExtremeTech/Documents/GitHub/ComputerArchitecture2.Project2/alu_6lanes.sv Line: 21
Info (10041): Inferred latch for "alu_out_temp[98]" at alu_6lanes.sv(21) File: C:/Users/ExtremeTech/Documents/GitHub/ComputerArchitecture2.Project2/alu_6lanes.sv Line: 21
Info (10041): Inferred latch for "alu_out_temp[99]" at alu_6lanes.sv(21) File: C:/Users/ExtremeTech/Documents/GitHub/ComputerArchitecture2.Project2/alu_6lanes.sv Line: 21
Info (10041): Inferred latch for "alu_out_temp[100]" at alu_6lanes.sv(21) File: C:/Users/ExtremeTech/Documents/GitHub/ComputerArchitecture2.Project2/alu_6lanes.sv Line: 21
Info (10041): Inferred latch for "alu_out_temp[101]" at alu_6lanes.sv(21) File: C:/Users/ExtremeTech/Documents/GitHub/ComputerArchitecture2.Project2/alu_6lanes.sv Line: 21
Info (10041): Inferred latch for "alu_out_temp[102]" at alu_6lanes.sv(21) File: C:/Users/ExtremeTech/Documents/GitHub/ComputerArchitecture2.Project2/alu_6lanes.sv Line: 21
Info (10041): Inferred latch for "alu_out_temp[103]" at alu_6lanes.sv(21) File: C:/Users/ExtremeTech/Documents/GitHub/ComputerArchitecture2.Project2/alu_6lanes.sv Line: 21
Info (10041): Inferred latch for "alu_out_temp[104]" at alu_6lanes.sv(21) File: C:/Users/ExtremeTech/Documents/GitHub/ComputerArchitecture2.Project2/alu_6lanes.sv Line: 21
Info (10041): Inferred latch for "alu_out_temp[105]" at alu_6lanes.sv(21) File: C:/Users/ExtremeTech/Documents/GitHub/ComputerArchitecture2.Project2/alu_6lanes.sv Line: 21
Info (10041): Inferred latch for "alu_out_temp[106]" at alu_6lanes.sv(21) File: C:/Users/ExtremeTech/Documents/GitHub/ComputerArchitecture2.Project2/alu_6lanes.sv Line: 21
Info (10041): Inferred latch for "alu_out_temp[107]" at alu_6lanes.sv(21) File: C:/Users/ExtremeTech/Documents/GitHub/ComputerArchitecture2.Project2/alu_6lanes.sv Line: 21
Info (10041): Inferred latch for "alu_out_temp[108]" at alu_6lanes.sv(21) File: C:/Users/ExtremeTech/Documents/GitHub/ComputerArchitecture2.Project2/alu_6lanes.sv Line: 21
Info (10041): Inferred latch for "alu_out_temp[109]" at alu_6lanes.sv(21) File: C:/Users/ExtremeTech/Documents/GitHub/ComputerArchitecture2.Project2/alu_6lanes.sv Line: 21
Info (10041): Inferred latch for "alu_out_temp[110]" at alu_6lanes.sv(21) File: C:/Users/ExtremeTech/Documents/GitHub/ComputerArchitecture2.Project2/alu_6lanes.sv Line: 21
Info (10041): Inferred latch for "alu_out_temp[111]" at alu_6lanes.sv(21) File: C:/Users/ExtremeTech/Documents/GitHub/ComputerArchitecture2.Project2/alu_6lanes.sv Line: 21
Info (10041): Inferred latch for "alu_out_temp[112]" at alu_6lanes.sv(21) File: C:/Users/ExtremeTech/Documents/GitHub/ComputerArchitecture2.Project2/alu_6lanes.sv Line: 21
Info (10041): Inferred latch for "alu_out_temp[113]" at alu_6lanes.sv(21) File: C:/Users/ExtremeTech/Documents/GitHub/ComputerArchitecture2.Project2/alu_6lanes.sv Line: 21
Info (10041): Inferred latch for "alu_out_temp[114]" at alu_6lanes.sv(21) File: C:/Users/ExtremeTech/Documents/GitHub/ComputerArchitecture2.Project2/alu_6lanes.sv Line: 21
Info (10041): Inferred latch for "alu_out_temp[115]" at alu_6lanes.sv(21) File: C:/Users/ExtremeTech/Documents/GitHub/ComputerArchitecture2.Project2/alu_6lanes.sv Line: 21
Info (10041): Inferred latch for "alu_out_temp[116]" at alu_6lanes.sv(21) File: C:/Users/ExtremeTech/Documents/GitHub/ComputerArchitecture2.Project2/alu_6lanes.sv Line: 21
Info (10041): Inferred latch for "alu_out_temp[117]" at alu_6lanes.sv(21) File: C:/Users/ExtremeTech/Documents/GitHub/ComputerArchitecture2.Project2/alu_6lanes.sv Line: 21
Info (10041): Inferred latch for "alu_out_temp[118]" at alu_6lanes.sv(21) File: C:/Users/ExtremeTech/Documents/GitHub/ComputerArchitecture2.Project2/alu_6lanes.sv Line: 21
Info (10041): Inferred latch for "alu_out_temp[119]" at alu_6lanes.sv(21) File: C:/Users/ExtremeTech/Documents/GitHub/ComputerArchitecture2.Project2/alu_6lanes.sv Line: 21
Info (10041): Inferred latch for "alu_out_temp[120]" at alu_6lanes.sv(21) File: C:/Users/ExtremeTech/Documents/GitHub/ComputerArchitecture2.Project2/alu_6lanes.sv Line: 21
Info (10041): Inferred latch for "alu_out_temp[121]" at alu_6lanes.sv(21) File: C:/Users/ExtremeTech/Documents/GitHub/ComputerArchitecture2.Project2/alu_6lanes.sv Line: 21
Info (10041): Inferred latch for "alu_out_temp[122]" at alu_6lanes.sv(21) File: C:/Users/ExtremeTech/Documents/GitHub/ComputerArchitecture2.Project2/alu_6lanes.sv Line: 21
Info (10041): Inferred latch for "alu_out_temp[123]" at alu_6lanes.sv(21) File: C:/Users/ExtremeTech/Documents/GitHub/ComputerArchitecture2.Project2/alu_6lanes.sv Line: 21
Info (10041): Inferred latch for "alu_out_temp[124]" at alu_6lanes.sv(21) File: C:/Users/ExtremeTech/Documents/GitHub/ComputerArchitecture2.Project2/alu_6lanes.sv Line: 21
Info (10041): Inferred latch for "alu_out_temp[125]" at alu_6lanes.sv(21) File: C:/Users/ExtremeTech/Documents/GitHub/ComputerArchitecture2.Project2/alu_6lanes.sv Line: 21
Info (10041): Inferred latch for "alu_out_temp[126]" at alu_6lanes.sv(21) File: C:/Users/ExtremeTech/Documents/GitHub/ComputerArchitecture2.Project2/alu_6lanes.sv Line: 21
Info (10041): Inferred latch for "alu_out_temp[127]" at alu_6lanes.sv(21) File: C:/Users/ExtremeTech/Documents/GitHub/ComputerArchitecture2.Project2/alu_6lanes.sv Line: 21
Info (10041): Inferred latch for "alu_out_temp[128]" at alu_6lanes.sv(21) File: C:/Users/ExtremeTech/Documents/GitHub/ComputerArchitecture2.Project2/alu_6lanes.sv Line: 21
Info (10041): Inferred latch for "alu_out_temp[129]" at alu_6lanes.sv(21) File: C:/Users/ExtremeTech/Documents/GitHub/ComputerArchitecture2.Project2/alu_6lanes.sv Line: 21
Info (10041): Inferred latch for "alu_out_temp[130]" at alu_6lanes.sv(21) File: C:/Users/ExtremeTech/Documents/GitHub/ComputerArchitecture2.Project2/alu_6lanes.sv Line: 21
Info (10041): Inferred latch for "alu_out_temp[131]" at alu_6lanes.sv(21) File: C:/Users/ExtremeTech/Documents/GitHub/ComputerArchitecture2.Project2/alu_6lanes.sv Line: 21
Info (10041): Inferred latch for "alu_out_temp[132]" at alu_6lanes.sv(21) File: C:/Users/ExtremeTech/Documents/GitHub/ComputerArchitecture2.Project2/alu_6lanes.sv Line: 21
Info (10041): Inferred latch for "alu_out_temp[133]" at alu_6lanes.sv(21) File: C:/Users/ExtremeTech/Documents/GitHub/ComputerArchitecture2.Project2/alu_6lanes.sv Line: 21
Info (10041): Inferred latch for "alu_out_temp[134]" at alu_6lanes.sv(21) File: C:/Users/ExtremeTech/Documents/GitHub/ComputerArchitecture2.Project2/alu_6lanes.sv Line: 21
Info (10041): Inferred latch for "alu_out_temp[135]" at alu_6lanes.sv(21) File: C:/Users/ExtremeTech/Documents/GitHub/ComputerArchitecture2.Project2/alu_6lanes.sv Line: 21
Info (10041): Inferred latch for "alu_out_temp[136]" at alu_6lanes.sv(21) File: C:/Users/ExtremeTech/Documents/GitHub/ComputerArchitecture2.Project2/alu_6lanes.sv Line: 21
Info (10041): Inferred latch for "alu_out_temp[137]" at alu_6lanes.sv(21) File: C:/Users/ExtremeTech/Documents/GitHub/ComputerArchitecture2.Project2/alu_6lanes.sv Line: 21
Info (10041): Inferred latch for "alu_out_temp[138]" at alu_6lanes.sv(21) File: C:/Users/ExtremeTech/Documents/GitHub/ComputerArchitecture2.Project2/alu_6lanes.sv Line: 21
Info (10041): Inferred latch for "alu_out_temp[139]" at alu_6lanes.sv(21) File: C:/Users/ExtremeTech/Documents/GitHub/ComputerArchitecture2.Project2/alu_6lanes.sv Line: 21
Info (10041): Inferred latch for "alu_out_temp[140]" at alu_6lanes.sv(21) File: C:/Users/ExtremeTech/Documents/GitHub/ComputerArchitecture2.Project2/alu_6lanes.sv Line: 21
Info (10041): Inferred latch for "alu_out_temp[141]" at alu_6lanes.sv(21) File: C:/Users/ExtremeTech/Documents/GitHub/ComputerArchitecture2.Project2/alu_6lanes.sv Line: 21
Info (10041): Inferred latch for "alu_out_temp[142]" at alu_6lanes.sv(21) File: C:/Users/ExtremeTech/Documents/GitHub/ComputerArchitecture2.Project2/alu_6lanes.sv Line: 21
Info (10041): Inferred latch for "alu_out_temp[143]" at alu_6lanes.sv(21) File: C:/Users/ExtremeTech/Documents/GitHub/ComputerArchitecture2.Project2/alu_6lanes.sv Line: 21
Info (10041): Inferred latch for "alu_out_temp[144]" at alu_6lanes.sv(21) File: C:/Users/ExtremeTech/Documents/GitHub/ComputerArchitecture2.Project2/alu_6lanes.sv Line: 21
Info (10041): Inferred latch for "alu_out_temp[145]" at alu_6lanes.sv(21) File: C:/Users/ExtremeTech/Documents/GitHub/ComputerArchitecture2.Project2/alu_6lanes.sv Line: 21
Info (10041): Inferred latch for "alu_out_temp[146]" at alu_6lanes.sv(21) File: C:/Users/ExtremeTech/Documents/GitHub/ComputerArchitecture2.Project2/alu_6lanes.sv Line: 21
Info (10041): Inferred latch for "alu_out_temp[147]" at alu_6lanes.sv(21) File: C:/Users/ExtremeTech/Documents/GitHub/ComputerArchitecture2.Project2/alu_6lanes.sv Line: 21
Info (10041): Inferred latch for "alu_out_temp[148]" at alu_6lanes.sv(21) File: C:/Users/ExtremeTech/Documents/GitHub/ComputerArchitecture2.Project2/alu_6lanes.sv Line: 21
Info (10041): Inferred latch for "alu_out_temp[149]" at alu_6lanes.sv(21) File: C:/Users/ExtremeTech/Documents/GitHub/ComputerArchitecture2.Project2/alu_6lanes.sv Line: 21
Info (10041): Inferred latch for "alu_out_temp[150]" at alu_6lanes.sv(21) File: C:/Users/ExtremeTech/Documents/GitHub/ComputerArchitecture2.Project2/alu_6lanes.sv Line: 21
Info (10041): Inferred latch for "alu_out_temp[151]" at alu_6lanes.sv(21) File: C:/Users/ExtremeTech/Documents/GitHub/ComputerArchitecture2.Project2/alu_6lanes.sv Line: 21
Info (10041): Inferred latch for "alu_out_temp[152]" at alu_6lanes.sv(21) File: C:/Users/ExtremeTech/Documents/GitHub/ComputerArchitecture2.Project2/alu_6lanes.sv Line: 21
Info (10041): Inferred latch for "alu_out_temp[153]" at alu_6lanes.sv(21) File: C:/Users/ExtremeTech/Documents/GitHub/ComputerArchitecture2.Project2/alu_6lanes.sv Line: 21
Info (10041): Inferred latch for "alu_out_temp[154]" at alu_6lanes.sv(21) File: C:/Users/ExtremeTech/Documents/GitHub/ComputerArchitecture2.Project2/alu_6lanes.sv Line: 21
Info (10041): Inferred latch for "alu_out_temp[155]" at alu_6lanes.sv(21) File: C:/Users/ExtremeTech/Documents/GitHub/ComputerArchitecture2.Project2/alu_6lanes.sv Line: 21
Info (10041): Inferred latch for "alu_out_temp[156]" at alu_6lanes.sv(21) File: C:/Users/ExtremeTech/Documents/GitHub/ComputerArchitecture2.Project2/alu_6lanes.sv Line: 21
Info (10041): Inferred latch for "alu_out_temp[157]" at alu_6lanes.sv(21) File: C:/Users/ExtremeTech/Documents/GitHub/ComputerArchitecture2.Project2/alu_6lanes.sv Line: 21
Info (10041): Inferred latch for "alu_out_temp[158]" at alu_6lanes.sv(21) File: C:/Users/ExtremeTech/Documents/GitHub/ComputerArchitecture2.Project2/alu_6lanes.sv Line: 21
Info (10041): Inferred latch for "alu_out_temp[159]" at alu_6lanes.sv(21) File: C:/Users/ExtremeTech/Documents/GitHub/ComputerArchitecture2.Project2/alu_6lanes.sv Line: 21
Info (10041): Inferred latch for "alu_out_temp[160]" at alu_6lanes.sv(21) File: C:/Users/ExtremeTech/Documents/GitHub/ComputerArchitecture2.Project2/alu_6lanes.sv Line: 21
Info (10041): Inferred latch for "alu_out_temp[161]" at alu_6lanes.sv(21) File: C:/Users/ExtremeTech/Documents/GitHub/ComputerArchitecture2.Project2/alu_6lanes.sv Line: 21
Info (10041): Inferred latch for "alu_out_temp[162]" at alu_6lanes.sv(21) File: C:/Users/ExtremeTech/Documents/GitHub/ComputerArchitecture2.Project2/alu_6lanes.sv Line: 21
Info (10041): Inferred latch for "alu_out_temp[163]" at alu_6lanes.sv(21) File: C:/Users/ExtremeTech/Documents/GitHub/ComputerArchitecture2.Project2/alu_6lanes.sv Line: 21
Info (10041): Inferred latch for "alu_out_temp[164]" at alu_6lanes.sv(21) File: C:/Users/ExtremeTech/Documents/GitHub/ComputerArchitecture2.Project2/alu_6lanes.sv Line: 21
Info (10041): Inferred latch for "alu_out_temp[165]" at alu_6lanes.sv(21) File: C:/Users/ExtremeTech/Documents/GitHub/ComputerArchitecture2.Project2/alu_6lanes.sv Line: 21
Info (10041): Inferred latch for "alu_out_temp[166]" at alu_6lanes.sv(21) File: C:/Users/ExtremeTech/Documents/GitHub/ComputerArchitecture2.Project2/alu_6lanes.sv Line: 21
Info (10041): Inferred latch for "alu_out_temp[167]" at alu_6lanes.sv(21) File: C:/Users/ExtremeTech/Documents/GitHub/ComputerArchitecture2.Project2/alu_6lanes.sv Line: 21
Info (10041): Inferred latch for "alu_out_temp[168]" at alu_6lanes.sv(21) File: C:/Users/ExtremeTech/Documents/GitHub/ComputerArchitecture2.Project2/alu_6lanes.sv Line: 21
Info (10041): Inferred latch for "alu_out_temp[169]" at alu_6lanes.sv(21) File: C:/Users/ExtremeTech/Documents/GitHub/ComputerArchitecture2.Project2/alu_6lanes.sv Line: 21
Info (10041): Inferred latch for "alu_out_temp[170]" at alu_6lanes.sv(21) File: C:/Users/ExtremeTech/Documents/GitHub/ComputerArchitecture2.Project2/alu_6lanes.sv Line: 21
Info (10041): Inferred latch for "alu_out_temp[171]" at alu_6lanes.sv(21) File: C:/Users/ExtremeTech/Documents/GitHub/ComputerArchitecture2.Project2/alu_6lanes.sv Line: 21
Info (10041): Inferred latch for "alu_out_temp[172]" at alu_6lanes.sv(21) File: C:/Users/ExtremeTech/Documents/GitHub/ComputerArchitecture2.Project2/alu_6lanes.sv Line: 21
Info (10041): Inferred latch for "alu_out_temp[173]" at alu_6lanes.sv(21) File: C:/Users/ExtremeTech/Documents/GitHub/ComputerArchitecture2.Project2/alu_6lanes.sv Line: 21
Info (10041): Inferred latch for "alu_out_temp[174]" at alu_6lanes.sv(21) File: C:/Users/ExtremeTech/Documents/GitHub/ComputerArchitecture2.Project2/alu_6lanes.sv Line: 21
Info (10041): Inferred latch for "alu_out_temp[175]" at alu_6lanes.sv(21) File: C:/Users/ExtremeTech/Documents/GitHub/ComputerArchitecture2.Project2/alu_6lanes.sv Line: 21
Info (10041): Inferred latch for "alu_out_temp[176]" at alu_6lanes.sv(21) File: C:/Users/ExtremeTech/Documents/GitHub/ComputerArchitecture2.Project2/alu_6lanes.sv Line: 21
Info (10041): Inferred latch for "alu_out_temp[177]" at alu_6lanes.sv(21) File: C:/Users/ExtremeTech/Documents/GitHub/ComputerArchitecture2.Project2/alu_6lanes.sv Line: 21
Info (10041): Inferred latch for "alu_out_temp[178]" at alu_6lanes.sv(21) File: C:/Users/ExtremeTech/Documents/GitHub/ComputerArchitecture2.Project2/alu_6lanes.sv Line: 21
Info (10041): Inferred latch for "alu_out_temp[179]" at alu_6lanes.sv(21) File: C:/Users/ExtremeTech/Documents/GitHub/ComputerArchitecture2.Project2/alu_6lanes.sv Line: 21
Info (10041): Inferred latch for "alu_out_temp[180]" at alu_6lanes.sv(21) File: C:/Users/ExtremeTech/Documents/GitHub/ComputerArchitecture2.Project2/alu_6lanes.sv Line: 21
Info (10041): Inferred latch for "alu_out_temp[181]" at alu_6lanes.sv(21) File: C:/Users/ExtremeTech/Documents/GitHub/ComputerArchitecture2.Project2/alu_6lanes.sv Line: 21
Info (10041): Inferred latch for "alu_out_temp[182]" at alu_6lanes.sv(21) File: C:/Users/ExtremeTech/Documents/GitHub/ComputerArchitecture2.Project2/alu_6lanes.sv Line: 21
Info (10041): Inferred latch for "alu_out_temp[183]" at alu_6lanes.sv(21) File: C:/Users/ExtremeTech/Documents/GitHub/ComputerArchitecture2.Project2/alu_6lanes.sv Line: 21
Info (10041): Inferred latch for "alu_out_temp[184]" at alu_6lanes.sv(21) File: C:/Users/ExtremeTech/Documents/GitHub/ComputerArchitecture2.Project2/alu_6lanes.sv Line: 21
Info (10041): Inferred latch for "alu_out_temp[185]" at alu_6lanes.sv(21) File: C:/Users/ExtremeTech/Documents/GitHub/ComputerArchitecture2.Project2/alu_6lanes.sv Line: 21
Info (10041): Inferred latch for "alu_out_temp[186]" at alu_6lanes.sv(21) File: C:/Users/ExtremeTech/Documents/GitHub/ComputerArchitecture2.Project2/alu_6lanes.sv Line: 21
Info (10041): Inferred latch for "alu_out_temp[187]" at alu_6lanes.sv(21) File: C:/Users/ExtremeTech/Documents/GitHub/ComputerArchitecture2.Project2/alu_6lanes.sv Line: 21
Info (10041): Inferred latch for "alu_out_temp[188]" at alu_6lanes.sv(21) File: C:/Users/ExtremeTech/Documents/GitHub/ComputerArchitecture2.Project2/alu_6lanes.sv Line: 21
Info (10041): Inferred latch for "alu_out_temp[189]" at alu_6lanes.sv(21) File: C:/Users/ExtremeTech/Documents/GitHub/ComputerArchitecture2.Project2/alu_6lanes.sv Line: 21
Info (10041): Inferred latch for "alu_out_temp[190]" at alu_6lanes.sv(21) File: C:/Users/ExtremeTech/Documents/GitHub/ComputerArchitecture2.Project2/alu_6lanes.sv Line: 21
Info (10041): Inferred latch for "alu_out_temp[191]" at alu_6lanes.sv(21) File: C:/Users/ExtremeTech/Documents/GitHub/ComputerArchitecture2.Project2/alu_6lanes.sv Line: 21
Info (144001): Generated suppressed messages file C:/Users/ExtremeTech/Documents/GitHub/ComputerArchitecture2.Project2/output_files/ProcesadorVectorial.map.smsg
Info: Quartus Prime Analysis & Elaboration was successful. 0 errors, 9 warnings
    Info: Peak virtual memory: 4778 megabytes
    Info: Processing ended: Wed Oct 26 00:39:04 2022
    Info: Elapsed time: 00:00:06
    Info: Total CPU time (on all processors): 00:00:16


+--------------------------------------------+
; Analysis & Elaboration Suppressed Messages ;
+--------------------------------------------+
The suppressed messages can be found in C:/Users/ExtremeTech/Documents/GitHub/ComputerArchitecture2.Project2/output_files/ProcesadorVectorial.map.smsg.


